Command: C:\Users\Afiq\.espressif\python_env\idf5.5_py3.13_env\Scripts\python.exe C:\Users\Afiq\esp\v5.5\esp-idf\tools/idf_monitor.py -p COM5 -b 115200 --toolchain-prefix xtensa-esp32-elf- --target esp32 --revision 0 D:\CodingStorage\esp32FreeRTOS\hello_world\build\hello_world.elf D:\CodingStorage\esp32FreeRTOS\hello_world\build\bootloader\bootloader.elf --force-color -m 'C:\Users\Afiq\.espressif\python_env\idf5.5_py3.13_env\Scripts\python.exe' 'C:\Users\Afiq\esp\v5.5\esp-idf\tools\idf.py' '-p' 'COM5' '-b' '115200'
n:6380
ho .ï¿½ï¿½ï¿½ï¿½data        01 02 00009000 00006000
[0;32mI (65) boot:  1 phy_init         RF data          01 01 0000f000 00001000[0m
[0;32mI (71) boot:  2 factory          factory app      00 00 00010000 00100000[0m
[0;32mI (78) boot: End of partition table[0m
[0;32mI (81) esp_image: segment 0: paddr=00010020 vadï¿½ets Jun  8 2016 00:22:57[0m

rst:0x1 (POWERON_RESET),boot:0x13 (SPI_FAST_FLASH_BOOT)
configsip: 0, SPIWP:0xee
clk_drv:0x00,q_drv:0x00,d_drv:0x00,cs0_drv:0x00,hd_drv:0x00,wp_drv:0x00
mode:DIO, clock div:2
load:0x3fff0030,len:6380
ho 0 tail 12 room 4
load:0x40078000,len:15916
load:0x40080400,len:3860
entry 0x40080638
[0;32mI (29) boot: ESP-IDF v5.5-468-g02c5f2dbb 2nd stage bootloader[0m
[0;32mI (29) boot: compile time Sep  6 2025 01:30:30[0m
[0;32mI (29) boot: Multicore bootloader[0m
[0;32mI (31) boot: chip revision: v1.0[0m
[0;32mI (34) boot.esp32: SPI Speed      : 40MHz[0m
[0;32mI (38) boot.esp32: SPI Mode       : DIO[0m
[0;32mI (41) boot.esp32: SPI Flash Size : 2MB[0m
[0;32mI (45) boot: Enabling RNG early entropy source...[0m
[0;32mI (49) boot: Partition Table:[0m
[0;32mI (52) boot: ## Label            Usage          Type ST Offset   Length[0m
[0;32mI (58) boot:  0 nvs              WiFi data        01 02 00009000 00006000[0m
[0;32mI (65) boot:  1 phy_init         RF data          01 01 0000f000 00001000[0m
[0;32mI (71) boot:  2 factory          factory app      00 00 00010000 00100000[0m
[0;32mI (78) boot: End of partition table[0m
[0;32mI (81) esp_image: segment 0: paddr=00010020 vaddr=3f400020 size=07dc8h ( 32200) map[0m
[0;32mI (100) esp_image: segment 1: paddr=00017df0 vaddr=3ffb0000 size=02208h (  8712) load[0m
[0;32mI (103) esp_image: segment 2: paddr=0001a000 vaddr=40080000 size=06018h ( 24600) load[0m
[0;32mI (115) esp_image: segment 3: paddr=00020020 vaddr=400d0020 size=10d1ch ( 68892) map[0m
[0;32mI (139) esp_image: segment 4: paddr=00030d44 vaddr=40086018 size=06af0h ( 27376) load[0m
[0;32mI (150) esp_image: segment 5: paddr=0003783c vaddr=50000000 size=00020h (    32) load[0m
[0;32mI (157) boot: Loaded app from partition at offset 0x10000[0m
[0;32mI (157) boot: Disabling RNG early entropy source...[0m
[0;32mI (168) cpu_start: Multicore app[0m
[0;32mI (176) cpu_start: Pro cpu start user code[0m
[0;32mI (177) cpu_start: cpu freq: 160000000 Hz[0m
[0;32mI (177) app_init: Application information:[0m
[0;32mI (177) app_init: Project name:     hello_world[0m
[0;32mI (181) app_init: App version:      1[0m
[0;32mI (184) app_init: Compile time:     Sep  6 2025 01:30:05[0m
[0;32mI (189) app_init: ELF file SHA256:  2f7ee924f...[0m
[0;32mI (194) app_init: ESP-IDF:          v5.5-468-g02c5f2dbb[0m
[0;32mI (199) efuse_init: Min chip rev:     v0.0[0m
[0;32mI (202) efuse_init: Max chip rev:     v3.99 [0m
[0;32mI (206) efuse_init: Chip rev:         v1.0[0m
[0;32mI (211) heap_init: Initializing. RAM available for dynamic allocation:[0m
[0;32mI (217) heap_init: At 3FFAE6E0 len 00001920 (6 KiB): DRAM[0m
[0;32mI (222) heap_init: At 3FFB2A70 len 0002D590 (181 KiB): DRAM[0m
[0;32mI (227) heap_init: At 3FFE0440 len 00003AE0 (14 KiB): D/IRAM[0m
[0;32mI (232) heap_init: At 3FFE4350 len 0001BCB0 (111 KiB): D/IRAM[0m
[0;32mI (238) heap_init: At 4008CB08 len 000134F8 (77 KiB): IRAM[0m
[0;32mI (244) spi_flash: detected chip: generic[0m
[0;32mI (247) spi_flash: flash io: dio[0m
[0;33mW (250) spi_flash: Detected size(4096k) larger than the size in the binary image header(2048k). Using the size in the binary image header.[0m
[0;32mI (262) main_task: Started on CPU0[0m
[0;32mI (272) main_task: Calling app_main()[0m
[0;32mI (272) main_task: Returned from app_main()[0m
[1;31mE (5272) task_wdt: Task watchdog got triggered. The following tasks/users did not reset the watchdog in time:[0m
[1;31mE (5272) task_wdt:  - IDLE1 (CPU 1)[0m
[1;31mE (5272) task_wdt: Tasks currently running:[0m
[1;31mE (5272) task_wdt: CPU 0: IDLE0[0m
[1;31mE (5272) task_wdt: CPU 1: stepper[0m
[1;31mE (5272) task_wdt: Print CPU 1 backtrace[0m


Backtrace: 0x400839C6:0x3FFB14B0 0x400828DD:0x3FFB14D0 0x40008544:0x3FFB5630 0x400D32D9:0x3FFB5650 0x400D333A:0x3FFB5670 0x40085845:0x3FFB5690

